// Vitest Snapshot v1, https://vitest.dev/guide/snapshot.html

exports[`~/components/EmptyPage.tsx > should render the component as expected 1`] = `
{
  "asFragment": [Function],
  "baseElement": <body>
    <div
      id="side-bar-root"
    />
    <div>
      <div
        class="MuiBox-root css-1lo9ce4"
      >
        <img
          alt="Empty app list"
          class="m-auto"
          src="/src/assets/images/empty-list.svg"
        />
        <p
          class="MuiTypography-root MuiTypography-body1 css-ugwmb-MuiTypography-root"
        >
          <span>
            Hello world
          </span>
        </p>
      </div>
    </div>
  </body>,
  "container": <div>
    <div
      class="MuiBox-root css-1lo9ce4"
    >
      <img
        alt="Empty app list"
        class="m-auto"
        src="/src/assets/images/empty-list.svg"
      />
      <p
        class="MuiTypography-root MuiTypography-body1 css-ugwmb-MuiTypography-root"
      >
        <span>
          Hello world
        </span>
      </p>
    </div>
  </div>,
  "debug": [Function],
  "findAllByAltText": [Function],
  "findAllByDisplayValue": [Function],
  "findAllByLabelText": [Function],
  "findAllByPlaceholderText": [Function],
  "findAllByRole": [Function],
  "findAllByTestId": [Function],
  "findAllByText": [Function],
  "findAllByTitle": [Function],
  "findByAltText": [Function],
  "findByDisplayValue": [Function],
  "findByLabelText": [Function],
  "findByPlaceholderText": [Function],
  "findByRole": [Function],
  "findByTestId": [Function],
  "findByText": [Function],
  "findByTitle": [Function],
  "getAllByAltText": [Function],
  "getAllByDisplayValue": [Function],
  "getAllByLabelText": [Function],
  "getAllByPlaceholderText": [Function],
  "getAllByRole": [Function],
  "getAllByTestId": [Function],
  "getAllByText": [Function],
  "getAllByTitle": [Function],
  "getByAltText": [Function],
  "getByDisplayValue": [Function],
  "getByLabelText": [Function],
  "getByPlaceholderText": [Function],
  "getByRole": [Function],
  "getByTestId": [Function],
  "getByText": [Function],
  "getByTitle": [Function],
  "queryAllByAltText": [Function],
  "queryAllByDisplayValue": [Function],
  "queryAllByLabelText": [Function],
  "queryAllByPlaceholderText": [Function],
  "queryAllByRole": [Function],
  "queryAllByTestId": [Function],
  "queryAllByText": [Function],
  "queryAllByTitle": [Function],
  "queryByAltText": [Function],
  "queryByDisplayValue": [Function],
  "queryByLabelText": [Function],
  "queryByPlaceholderText": [Function],
  "queryByRole": [Function],
  "queryByTestId": [Function],
  "queryByText": [Function],
  "queryByTitle": [Function],
  "rerender": [Function],
  "unmount": [Function],
}
`;
